// Jest Snapshot v1, https://goo.gl/fbAQLP

exports[`TasksController (e2e) /tasks (POST) 1`] = `
{
  "description": "Test description",
  "id": "IGNORED",
  "status": "OPEN",
  "title": "Test task",
}
`;
